Flow report for unrolled_adder
Sat Oct 03 22:09:26 2026
Quartus Prime Version 18.1.0 Build 625 09/12/2018 SJ Lite Edition


---------------------
; Table of Contents ;
---------------------
  1. Legal Notice
  2. Flow Summary
  3. Flow Settings
  4. Flow Non-Default Global Settings
  5. Flow Elapsed Time
  6. Flow OS Summary
  7. Flow Log
  8. Flow Messages
  9. Flow Suppressed Messages



----------------
; Legal Notice ;
----------------
Copyright (C) 2018  Intel Corporation. All rights reserved.
Your use of Intel Corporation's design tools, logic functions 
and other software and tools, and its AMPP partner logic 
functions, and any output files from any of the foregoing 
(including device programming or simulation files), and any 
associated documentation or information are expressly subject 
to the terms and conditions of the Intel Program License 
Subscription Agreement, the Intel Quartus Prime License Agreement,
the Intel FPGA IP License Agreement, or other applicable license
agreement, including, without limitation, that your use is for
the sole purpose of programming logic devices manufactured by
Intel and sold by Intel or its authorized distributors.  Please
refer to the applicable agreement for further details.



+-------------------------------------------------------------------------------+
; Flow Summary                                                                  ;
+---------------------------------+---------------------------------------------+
; Flow Status                     ; Successful - Sat Oct 03 22:09:26 2026       ;
; Quartus Prime Version           ; 18.1.0 Build 625 09/12/2018 SJ Lite Edition ;
; Revision Name                   ; unrolled_adder                              ;
; Top-level Entity Name           ; unrolled_adder                              ;
; Family                          ; Cyclone V                                   ;
; Device                          ; 5CGXFC7C7F23C8                              ;
; Timing Models                   ; Final                                       ;
; Logic utilization (in ALMs)     ; 15 / 56,480 ( < 1 % )                       ;
; Total registers                 ; 42                                          ;
; Total pins                      ; 44 / 268 ( 16 % )                           ;
; Total virtual pins              ; 0                                           ;
; Total block memory bits         ; 0 / 7,024,640 ( 0 % )                       ;
; Total DSP Blocks                ; 0 / 156 ( 0 % )                             ;
; Total HSSI RX PCSs              ; 0 / 6 ( 0 % )                               ;
; Total HSSI PMA RX Deserializers ; 0 / 6 ( 0 % )                               ;
; Total HSSI TX PCSs              ; 0 / 6 ( 0 % )                               ;
; Total HSSI PMA TX Serializers   ; 0 / 6 ( 0 % )                               ;
; Total PLLs                      ; 0 / 13 ( 0 % )                              ;
; Total DLLs                      ; 0 / 4 ( 0 % )                               ;
+---------------------------------+---------------------------------------------+


+-----------------------------------------+
; Flow Settings                           ;
+-------------------+---------------------+
; Option            ; Setting             ;
+-------------------+---------------------+
; Start date & time ; 10/03/2026 22:08:02 ;
; Main task         ; Compilation         ;
; Revision Name     ; unrolled_adder      ;
+-------------------+---------------------+


+---------------------------------------------------------------------------------------------------------------------------------------------------------------------+
; Flow Non-Default Global Settings                                                                                                                                    ;
+--------------------------------------+----------------------------------------------------------------------------+---------------+-------------+-------------------+
; Assignment Name                      ; Value                                                                      ; Default Value ; Entity Name ; Section Id        ;
+--------------------------------------+----------------------------------------------------------------------------+---------------+-------------+-------------------+
; COMPILER_SIGNATURE_ID                ; 59850984598237.179104728212444                                             ; --            ; --          ; --                ;
; EDA_DESIGN_INSTANCE_NAME             ; NA                                                                         ; --            ; --          ; unrolled_adder_tb ;
; EDA_NATIVELINK_SIMULATION_TEST_BENCH ; unrolled_adder_tb                                                          ; --            ; --          ; eda_simulation    ;
; EDA_OUTPUT_DATA_FORMAT               ; Systemverilog Hdl                                                          ; --            ; --          ; eda_simulation    ;
; EDA_SIMULATION_TOOL                  ; ModelSim-Altera (SystemVerilog)                                            ; <None>        ; --          ; --                ;
; EDA_TEST_BENCH_ENABLE_STATUS         ; TEST_BENCH_MODE                                                            ; --            ; --          ; eda_simulation    ;
; EDA_TEST_BENCH_FILE                  ; ../../../MODELSIM/SEQUENTIAL AND PARALLEL 4 BIT ADDER/unrolled_adder_tb.sv ; --            ; --          ; unrolled_adder_tb ;
; EDA_TEST_BENCH_MODULE_NAME           ; unrolled_adder_tb                                                          ; --            ; --          ; unrolled_adder_tb ;
; EDA_TEST_BENCH_NAME                  ; unrolled_adder_tb                                                          ; --            ; --          ; eda_simulation    ;
; EDA_TIME_SCALE                       ; 1 ps                                                                       ; --            ; --          ; eda_simulation    ;
; MAX_CORE_JUNCTION_TEMP               ; 85                                                                         ; --            ; --          ; --                ;
; MIN_CORE_JUNCTION_TEMP               ; 0                                                                          ; --            ; --          ; --                ;
; PARTITION_COLOR                      ; -- (Not supported for targeted family)                                     ; --            ; --          ; Top               ;
; PARTITION_FITTER_PRESERVATION_LEVEL  ; -- (Not supported for targeted family)                                     ; --            ; --          ; Top               ;
; PARTITION_NETLIST_TYPE               ; -- (Not supported for targeted family)                                     ; --            ; --          ; Top               ;
; POWER_BOARD_THERMAL_MODEL            ; None (CONSERVATIVE)                                                        ; --            ; --          ; --                ;
; POWER_PRESET_COOLING_SOLUTION        ; 23 MM HEAT SINK WITH 200 LFPM AIRFLOW                                      ; --            ; --          ; --                ;
; PROJECT_OUTPUT_DIRECTORY             ; output_files                                                               ; --            ; --          ; --                ;
+--------------------------------------+----------------------------------------------------------------------------+---------------+-------------+-------------------+


+--------------------------------------------------------------------------------------------------------------------------+
; Flow Elapsed Time                                                                                                        ;
+----------------------+--------------+-------------------------+---------------------+------------------------------------+
; Module Name          ; Elapsed Time ; Average Processors Used ; Peak Virtual Memory ; Total CPU Time (on all processors) ;
+----------------------+--------------+-------------------------+---------------------+------------------------------------+
; Analysis & Synthesis ; 00:00:14     ; 1.0                     ; 4883 MB             ; 00:00:32                           ;
; Fitter               ; 00:00:50     ; 1.0                     ; 8064 MB             ; 00:03:32                           ;
; Assembler            ; 00:00:08     ; 1.0                     ; 4828 MB             ; 00:00:08                           ;
; Timing Analyzer      ; 00:00:07     ; 1.2                     ; 5283 MB             ; 00:00:07                           ;
; EDA Netlist Writer   ; 00:00:01     ; 1.0                     ; 4738 MB             ; 00:00:02                           ;
; Total                ; 00:01:20     ; --                      ; --                  ; 00:04:21                           ;
+----------------------+--------------+-------------------------+---------------------+------------------------------------+


+------------------------------------------------------------------------------------+
; Flow OS Summary                                                                    ;
+----------------------+------------------+------------+------------+----------------+
; Module Name          ; Machine Hostname ; OS Name    ; OS Version ; Processor type ;
+----------------------+------------------+------------+------------+----------------+
; Analysis & Synthesis ; DESKTOP-429K6V7  ; Windows 10 ; 10.0       ; x86_64         ;
; Fitter               ; DESKTOP-429K6V7  ; Windows 10 ; 10.0       ; x86_64         ;
; Assembler            ; DESKTOP-429K6V7  ; Windows 10 ; 10.0       ; x86_64         ;
; Timing Analyzer      ; DESKTOP-429K6V7  ; Windows 10 ; 10.0       ; x86_64         ;
; EDA Netlist Writer   ; DESKTOP-429K6V7  ; Windows 10 ; 10.0       ; x86_64         ;
+----------------------+------------------+------------+------------+----------------+


------------
; Flow Log ;
------------
quartus_map --read_settings_files=on --write_settings_files=off unrolled_adder -c unrolled_adder
quartus_fit --read_settings_files=off --write_settings_files=off unrolled_adder -c unrolled_adder
quartus_asm --read_settings_files=off --write_settings_files=off unrolled_adder -c unrolled_adder
quartus_sta unrolled_adder -c unrolled_adder
quartus_eda --read_settings_files=off --write_settings_files=off unrolled_adder -c unrolled_adder



